app/bi_api
app/bi_external_api
app/bi_file_secure_reader
app/bi_file_uploader
app/bi_file_uploader_worker
app/bi_rqe_ext_async
app/bi_rqe_ext_sync
app/bi_rqe_int_sync
app_yc/app_yc_control_api
app_yc/app_yc_data_api
app_yc/app_yc_data_api_sec_embeds
app_yc/app_yc_file_uploader_api
app_yc/app_yc_file_uploader_worker
app_yc/app_yc_public_dataset_api
lib/bi_api_commons_ya_cloud
lib/bi_api_commons_ya_team
lib/bi_api_lib_testing_ya
lib/bi_api_lib_ya
lib/bi_blackbox_client
lib/bi_cloud_integration
lib/bi_connector_bitrix_gds
lib/bi_connector_bundle_ch_filtered
lib/bi_connector_bundle_ch_filtered_ya_cloud
lib/bi_connector_bundle_ch_frozen
lib/bi_connector_bundle_partners
lib/bi_connector_chyt_internal
lib/bi_connector_greenplum_mdb
lib/bi_connector_gsheets
lib/bi_connector_metrica
lib/bi_connector_monitoring
lib/bi_connector_mysql
lib/bi_connector_postgresql_mdb
lib/bi_connector_solomon
lib/bi_connector_usage_tracking_ya_team
lib/bi_connector_yql
lib/bi_defaults
lib/bi_dls_client
lib/bi_formula_ref_dc
lib/bi_formula_ref_nebius
lib/bi_formula_ref_ya
lib/bi_legacy_test_bundle
lib/bi_maintenance
lib/bi_service_registry_ya_cloud
lib/bi_service_registry_ya_team
lib/bi_sqlalchemy_bitrix
lib/bi_sqlalchemy_gsheets
lib/bi_sqlalchemy_mysql
lib/bi_sqlalchemy_solomon
lib/bi_sqlalchemy_yq
lib/bi_testing_dc
lib/bi_testing_nebius
lib/bi_testing_ya
lib/dc_public_api_proto_stubs
lib/sqlalchemy_metrika_api
lib/yc_apis_proto_stubs
mainrepo/app/dl_control_api
mainrepo/app/dl_data_api
mainrepo/lib/bi_api_client
mainrepo/lib/bi_api_commons
mainrepo/lib/bi_api_connector
mainrepo/lib/bi_api_lib
mainrepo/lib/bi_api_lib_testing
mainrepo/lib/bi_app_tools
mainrepo/lib/bi_compeng_pg
mainrepo/lib/bi_configs
mainrepo/lib/bi_connector_bigquery
mainrepo/lib/bi_connector_bundle_chs3
mainrepo/lib/bi_connector_chyt
mainrepo/lib/bi_connector_clickhouse
mainrepo/lib/bi_connector_greenplum
mainrepo/lib/bi_connector_mssql
mainrepo/lib/bi_connector_oracle
mainrepo/lib/bi_connector_postgresql
mainrepo/lib/bi_connector_promql
mainrepo/lib/bi_connector_snowflake
mainrepo/lib/bi_constants
mainrepo/lib/bi_core
mainrepo/lib/bi_core_testing
mainrepo/lib/bi_db_testing
mainrepo/lib/bi_file_secure_reader_lib
mainrepo/lib/bi_file_uploader_api_lib
mainrepo/lib/bi_file_uploader_lib
mainrepo/lib/bi_file_uploader_task_interface
mainrepo/lib/bi_file_uploader_worker_lib
mainrepo/lib/bi_formula
mainrepo/lib/bi_formula_ref
mainrepo/lib/bi_formula_testing
mainrepo/lib/bi_i18n
mainrepo/lib/bi_model_tools
mainrepo/lib/bi_package_boilerplate
mainrepo/lib/bi_query_processing
mainrepo/lib/bi_sqlalchemy_chyt
mainrepo/lib/bi_sqlalchemy_clickhouse
mainrepo/lib/bi_sqlalchemy_common
mainrepo/lib/bi_sqlalchemy_mssql
mainrepo/lib/bi_sqlalchemy_oracle
mainrepo/lib/bi_sqlalchemy_postgres
mainrepo/lib/bi_sqlalchemy_promql
mainrepo/lib/bi_task_processor
mainrepo/lib/bi_testing
mainrepo/lib/bi_us_client
mainrepo/lib/bi_utils
mainrepo/lib/clickhouse-sqlalchemy
mainrepo/lib/dynamic_enum
mainrepo/lib/redis-cache-lock
mainrepo/lib/statcommons
ops/bi_integration_tests
