app/bi_api
app/bi_external_api
app/bi_file_secure_reader
app/bi_file_uploader
app/bi_file_uploader_worker
app/bi_rqe_ext_async
app/bi_rqe_ext_sync
app/bi_rqe_int_sync
app_os/app_os_control_api
app_os/app_os_data_api
app_yc/app_yc_control_api
app_yc/app_yc_data_api
app_yc/app_yc_data_api_sec_embeds
app_yc/app_yc_file_uploader_api
app_yc/app_yc_file_uploader_worker
app_yc/app_yc_public_dataset_api
lib/bi_api_client
lib/bi_api_commons
lib/bi_api_commons_ya_cloud
lib/bi_api_commons_ya_team
lib/bi_api_connector
lib/bi_api_lib
lib/bi_api_lib_testing
lib/bi_app_tools
lib/bi_blackbox_client
lib/bi_cloud_integration
lib/bi_compeng_pg
lib/bi_configs
lib/bi_connector_bitrix_gds
lib/bi_connector_bundle_ch_filtered
lib/bi_connector_bundle_ch_filtered_ya_cloud
lib/bi_connector_bundle_ch_frozen
lib/bi_connector_bundle_chs3
lib/bi_connector_bundle_partners
lib/bi_connector_chyt
lib/bi_connector_chyt_internal
lib/bi_connector_clickhouse
lib/bi_connector_greenplum
lib/bi_connector_gsheets
lib/bi_connector_metrica
lib/bi_connector_monitoring
lib/bi_connector_mssql
lib/bi_connector_mysql
lib/bi_connector_oracle
lib/bi_connector_promql
lib/bi_connector_snowflake
lib/bi_connector_usage_tracking_ya_team
lib/bi_connector_yql
lib/bi_constants
lib/bi_core
lib/bi_core_testing
lib/bi_db_testing
lib/bi_defaults
lib/bi_dls_client
lib/bi_file_secure_reader_lib
lib/bi_file_uploader_api_lib
lib/bi_file_uploader_lib
lib/bi_file_uploader_task_interface
lib/bi_file_uploader_worker_lib
lib/bi_formula
lib/bi_formula_ref
lib/bi_formula_ref_dc
lib/bi_formula_ref_nebius
lib/bi_formula_ref_ya
lib/bi_i18n
lib/bi_legacy_test_bundle
lib/bi_model_tools
lib/bi_query_processing
lib/bi_service_registry_ya_cloud
lib/bi_service_registry_ya_team
lib/bi_sqlalchemy_bitrix
lib/bi_sqlalchemy_chyt
lib/bi_sqlalchemy_clickhouse
lib/bi_sqlalchemy_common
lib/bi_sqlalchemy_gsheets
lib/bi_sqlalchemy_mssql
lib/bi_sqlalchemy_mysql
lib/bi_sqlalchemy_oracle
lib/bi_sqlalchemy_postgres
lib/bi_sqlalchemy_promql
lib/bi_sqlalchemy_solomon
lib/bi_sqlalchemy_yq
lib/bi_task_processor
lib/bi_testing
lib/bi_testing_dc
lib/bi_testing_nebius
lib/bi_testing_ya
lib/bi_us_client
lib/bi_utils
lib/clickhouse-sqlalchemy
lib/dc_public_api_proto_stubs
lib/dynamic_enum
lib/redis-cache-lock
lib/sqlalchemy_metrika_api
lib/statcommons
lib/yc_apis_proto_stubs
mainrepo/lib/bi_connector_bigquery
mainrepo/lib/bi_connector_postgresql
mainrepo/lib/bi_package_boilerplate
ops/bi_integration_tests
