app/bi_api
app/bi_external_api
app/bi_file_secure_reader
app/bi_file_uploader
app/bi_file_uploader_worker
app/bi_rqe_ext_async
app/bi_rqe_ext_sync
app/bi_rqe_int_sync
app_nebius/control_api
app_nebius/data_api
app_ya_team/control_api
app_ya_team/data_api
app_ya_team/file_uploader_api
app_ya_team/file_uploader_worker
app_yc/app_yc_control_api
app_yc/app_yc_data_api
app_yc/app_yc_data_api_sec_embeds
app_yc/app_yc_file_uploader_api
app_yc/app_yc_file_uploader_worker
app_yc/app_yc_public_dataset_api
lib/bi_api_commons_ya_cloud
lib/bi_api_commons_ya_team
lib/bi_api_lib_testing_ya
lib/bi_api_lib_ya
lib/bi_blackbox_client
lib/bi_cloud_integration
lib/bi_connector_bitrix_gds
lib/bi_connector_bundle_ch_filtered
lib/bi_connector_bundle_ch_filtered_ya_cloud
lib/bi_connector_bundle_ch_frozen
lib/bi_connector_bundle_partners
lib/bi_connector_chyt_internal
lib/bi_connector_clickhouse_mdb
lib/bi_connector_greenplum_mdb
lib/bi_connector_gsheets
lib/bi_connector_mdb_base
lib/bi_connector_metrica
lib/bi_connector_monitoring
lib/bi_connector_mssql
lib/bi_connector_mysql
lib/bi_connector_mysql_mdb
lib/bi_connector_oracle
lib/bi_connector_postgresql_mdb
lib/bi_connector_solomon
lib/bi_connector_usage_tracking_ya_team
lib/bi_connector_yql
lib/bi_defaults
lib/bi_dls_client
lib/bi_formula_ref_dc
lib/bi_formula_ref_nebius
lib/bi_formula_ref_ya
lib/bi_legacy_test_bundle
lib/bi_maintenance
lib/bi_service_registry_base_cloud
lib/bi_service_registry_nebius
lib/bi_service_registry_ya_cloud
lib/bi_service_registry_ya_team
lib/bi_sqlalchemy_bitrix
lib/bi_sqlalchemy_gsheets
lib/bi_sqlalchemy_mysql
lib/bi_sqlalchemy_solomon
lib/bi_sqlalchemy_yq
lib/bi_testing_dc
lib/bi_testing_nebius
lib/bi_testing_ya
lib/dc_public_api_proto_stubs
lib/dl_version_ya
lib/sqlalchemy_metrika_api
lib/yc_apis_proto_stubs
mainrepo/app/dl_control_api
mainrepo/app/dl_data_api
mainrepo/lib/clickhouse-sqlalchemy
mainrepo/lib/dl_api_client
mainrepo/lib/dl_api_commons
mainrepo/lib/dl_api_connector
mainrepo/lib/dl_api_lib
mainrepo/lib/dl_api_lib_testing
mainrepo/lib/dl_app_tools
mainrepo/lib/dl_compeng_pg
mainrepo/lib/dl_configs
mainrepo/lib/dl_connector_bigquery
mainrepo/lib/dl_connector_bundle_chs3
mainrepo/lib/dl_connector_chyt
mainrepo/lib/dl_connector_clickhouse
mainrepo/lib/dl_connector_greenplum
mainrepo/lib/dl_connector_postgresql
mainrepo/lib/dl_connector_promql
mainrepo/lib/dl_connector_snowflake
mainrepo/lib/dl_constants
mainrepo/lib/dl_core
mainrepo/lib/dl_core_testing
mainrepo/lib/dl_db_testing
mainrepo/lib/dl_file_secure_reader_lib
mainrepo/lib/dl_file_uploader_api_lib
mainrepo/lib/dl_file_uploader_lib
mainrepo/lib/dl_file_uploader_task_interface
mainrepo/lib/dl_file_uploader_worker_lib
mainrepo/lib/dl_formula
mainrepo/lib/dl_formula_ref
mainrepo/lib/dl_formula_testing
mainrepo/lib/dl_i18n
mainrepo/lib/dl_model_tools
mainrepo/lib/dl_package_boilerplate
mainrepo/lib/dl_query_processing
mainrepo/lib/dl_sqlalchemy_chyt
mainrepo/lib/dl_sqlalchemy_clickhouse
mainrepo/lib/dl_sqlalchemy_common
mainrepo/lib/dl_sqlalchemy_mssql
mainrepo/lib/dl_sqlalchemy_oracle
mainrepo/lib/dl_sqlalchemy_postgres
mainrepo/lib/dl_sqlalchemy_promql
mainrepo/lib/dl_task_processor
mainrepo/lib/dl_testing
mainrepo/lib/dl_us_client
mainrepo/lib/dl_utils
mainrepo/lib/dl_version
mainrepo/lib/dynamic_enum
mainrepo/lib/redis-cache-lock
mainrepo/lib/statcommons
ops/bi_integration_tests
